// Jest Snapshot v1, https://goo.gl/fbAQLP

exports[`should render NotFoundPage correctly 1`] = `
<div>
  <b>
    Error 404 : 
    <Link
      replace={false}
      to="/"
    >
      Go Home
    </Link>
  </b>
</div>
`;
